// Jest Snapshot v1, https://goo.gl/fbAQLP

exports[`<PageContainer /> Should render self 1`] = `
<div
  class="PageContainer container"
  style="opacity: 0; visibility: hidden;"
>
  <div />
</div>
`;
