// Jest Snapshot v1, https://goo.gl/fbAQLP

exports[`<FeedContent /> Should render self 1`] = `
<div
  class="FeedContent"
>
  Hey
</div>
`;
