// Jest Snapshot v1, https://goo.gl/fbAQLP

exports[`<People /> Should render self 1`] = `
<div
  class="PageContainer"
>
  Hello People
</div>
`;
