// Jest Snapshot v1, https://goo.gl/fbAQLP

exports[`<NewsFeed /> Should render self 1`] = `
<div
  class="PageContainer container"
>
  <div
    class="columns"
  >
    <div
      class="column"
    />
    <div
      class="column is-3"
    />
    <div
      class="FeedList column is-7"
    >
      <span
        class="FeedList__Header"
      >
        LATEST
      </span>
      <div
        class="FeedList__Items"
      />
    </div>
    <div
      class="column"
    />
  </div>
  <div
    class="sk-fading-circle"
    style="width: 50px; height: 50px; display: none;"
  >
    <div
      class="sk-circle1 sk-circle"
    />
    <div
      class="sk-circle2 sk-circle"
    />
    <div
      class="sk-circle3 sk-circle"
    />
    <div
      class="sk-circle4 sk-circle"
    />
    <div
      class="sk-circle5 sk-circle"
    />
    <div
      class="sk-circle6 sk-circle"
    />
    <div
      class="sk-circle7 sk-circle"
    />
    <div
      class="sk-circle8 sk-circle"
    />
    <div
      class="sk-circle9 sk-circle"
    />
    <div
      class="sk-circle10 sk-circle"
    />
    <div
      class="sk-circle11 sk-circle"
    />
    <div
      class="sk-circle12 sk-circle"
    />
  </div>
</div>
`;
